
Waiting for AAD role to propagate[###                                 ]  10.0000%
AAD role propagation done[############################################]  100.0000%

AAD role propagation done[############################################]  100.0000%
{
  "aadProfile": null,
  "addonProfiles": {
    "extensionManager": {
      "config": null,
      "enabled": true,
      "identity": null
    },
    "omsagent": {
      "config": {
        "logAnalyticsWorkspaceResourceID": "/subscriptions/19f9bf9f-a14a-44be-8ec7-30e9c950ff9c/resourceGroups/DefaultResourceGroup-WUK/providers/Microsoft.OperationalInsights/workspaces/DefaultWorkspace-19f9bf9f-a14a-44be-8ec7-30e9c950ff9c-WUK",
        "useAADAuth": "true"
      },
      "enabled": true,
      "identity": null
    }
  },
  "agentPoolProfiles": [
    {
      "artifactStreamingProfile": null,
      "availabilityZones": null,
      "capacityReservationGroupId": null,
      "count": 1,
      "creationData": null,
      "currentOrchestratorVersion": "1.37.0",
      "eTag": "56e04a93-fe96-4891-9af8-ac67e4f3dfca",
      "enableAutoScaling": false,
      "enableEncryptionAtHost": false,
      "enableFips": false,
      "enableNodePublicIp": false,
      "enableUltraSsd": false,
      "gatewayProfile": null,
      "gpuInstanceProfile": null,
      "gpuProfile": null,
      "hostGroupId": null,
      "kubeletConfig": null,
      "kubeletDiskType": "OS",
      "linuxOsConfig": null,
      "localDnsProfile": null,
      "maxCount": null,
      "maxPods": 30,
      "messageOfTheDay": null,
      "minCount": null,
      "mode": "System",
      "name": "nodepool1",
      "networkProfile": null,
      "nodeImageVersion": "AKSUbuntu-2404gen2containerd-202609.09.0",
      "nodeLabels": null,
      "nodePublicIpPrefixId": null,
      "nodeTaints": null,
      "orchestratorVersion": "1.37",
      "osDiskSizeGb": 128,
      "osDiskType": "Managed",
      "osSku": "Ubuntu",
      "osType": "Linux",
      "podIpAllocationMode": null,
      "podSubnetId": null,
      "powerState": {
        "code": "Running"
      },
      "provisioningState": "Succeeded",
      "proximityPlacementGroupId": null,
      "scaleDownMode": "Delete",
      "scaleSetEvictionPolicy": null,
      "scaleSetPriority": null,
      "securityProfile": {
        "enableSecureBoot": false,
        "enableVtpm": false,
        "sshAccess": "LocalUser"
      },
      "spotMaxPrice": null,
      "status": null,
      "tags": null,
      "type": "VirtualMachineScaleSets",
      "upgradeSettings": {
        "drainTimeoutInMinutes": null,
        "maxSurge": "10%",
        "maxUnavailable": "0",
        "nodeSoakDurationInMinutes": null,
        "undrainableNodeBehavior": null
      },
      "virtualMachineNodesStatus": null,
      "virtualMachinesProfile": null,
      "vmSize": "Standard_D2s_v3",
      "vnetSubnetId": "/subscriptions/19f9bf9f-a14a-44be-8ec7-30e9c950ff9c/resourceGroups/rg-address-lookup/providers/Microsoft.Network/virtualNetworks/vnet-address-lookup/subnets/subnet-aks",
      "windowsProfile": null,
      "workloadRuntime": null
    }
  ],
  "aiToolchainOperatorProfile": null,
  "apiServerAccessProfile": null,
  "autoScalerProfile": null,
  "autoUpgradeProfile": {
    "nodeOsUpgradeChannel": "NodeImage",
    "upgradeChannel": null
  },
  "azureMonitorProfile": {
    "appMonitoring": null,
    "metrics": null
  },
  "azurePortalFqdn": "aks-addres-rg-address-looku-19f9bf-k5331p45.portal.hcp.uksouth.azmk8s.io",
  "bootstrapProfile": {
    "artifactSource": "Direct",
    "containerRegistryId": null
  },
  "currentKubernetesVersion": "1.37.0",
  "disableLocalAccounts": false,
  "diskEncryptionSetId": null,
  "dnsPrefix": "aks-addres-rg-address-looku-19f9bf",
  "eTag": "57a8c283-a997-41ea-b980-e8b135fa585a",
  "enableRbac": true,
  "extendedLocation": null,
  "fqdn": "aks-addres-rg-address-looku-19f9bf-k5331p45.hcp.uksouth.azmk8s.io",
  "fqdnSubdomain": null,
  "hostedSystemProfile": {
    "enabled": false,
    "nodeSubnetId": null,
    "systemNodeSubnetId": null
  },
  "httpProxyConfig": null,
  "id": "/subscriptions/19f9bf9f-a14a-44be-8ec7-30e9c950ff9c/resourcegroups/rg-address-lookup/providers/Microsoft.ContainerService/managedClusters/aks-address-lookup",
  "identity": {
    "delegatedResources": null,
    "principalId": "13e0ad44-2197-48fc-baf9-5d93b658e68b",
    "tenantId": "a3747936-840d-4816-8d6d-430b622928df",
    "type": "SystemAssigned",
    "userAssignedIdentities": null
  },
  "identityProfile": {
    "kubeletidentity": {
      "clientId": "29e3ea5c-f2bd-4975-8b2e-8247a5a46012",
      "objectId": "ed439bb2-390c-4402-85f5-264b2bbc76fe",
      "resourceId": "/subscriptions/19f9bf9f-a14a-44be-8ec7-30e9c950ff9c/resourcegroups/MC_rg-address-lookup_aks-address-lookup_uksouth/providers/Microsoft.ManagedIdentity/userAssignedIdentities/aks-address-lookup-agentpool"
    }
  },
  "ingressProfile": null,
  "kind": "Base",
  "kubernetesVersion": "1.37",
  "linuxProfile": {
    "adminUsername": "azureuser",
    "ssh": {
      "publicKeys": [
        {
          "keyData": "ssh-rsa AAAAB3NzaC1yc2EAAAADAQABAAABAQDmB20z4/4w/6L8pgjIF0wIIqSMbdfcSn1t219jIal4CFQyPhMNKsaKplwv9rfbO0yD0GObvDDMLEQ1XTZA+gkCFSNMXCwYfUytoPd4wwCLjKlJCLtO3yNR9HRMr0kQoiEBWKXAlXShIPT6xZENu+ptjKn7LlIMwkvS3HF1wQspTOkDxAI1X1Cv6LzjBHAfRrb/xW7J0Ld8BTNW6Q/uHpL4zZL/cOZvK/+M95UNUMh7rj2XC6W7cN1wipVR6HXHIXFaO2OXQbhKDjPQOcTAYhGnbLngEjuPxF3ErFnYO0kQcKvU1lUwURpqcvR/pQnJS4liURp8L7DvnN3yrPQ+KI6F"
        }
      ]
    }
  },
  "location": "uksouth",
  "maxAgentPools": 100,
  "metricsProfile": {
    "costAnalysis": {
      "enabled": false
    }
  },
  "name": "aks-address-lookup",
  "networkProfile": {
    "advancedNetworking": null,
    "dnsServiceIp": "10.1.0.10",
    "ipFamilies": [
      "IPv4"
    ],
    "loadBalancerProfile": {
      "allocatedOutboundPorts": null,
      "backendPoolType": "nodeIPConfiguration",
      "effectiveOutboundIPs": [
        {
          "id": "/subscriptions/19f9bf9f-a14a-44be-8ec7-30e9c950ff9c/resourceGroups/MC_rg-address-lookup_aks-address-lookup_uksouth/providers/Microsoft.Network/publicIPAddresses/66dd4b04-5a3c-4f89-9f82-80fde0335f45",
          "resourceGroup": "MC_rg-address-lookup_aks-address-lookup_uksouth"
        }
      ],
      "enableMultipleStandardLoadBalancers": null,
      "idleTimeoutInMinutes": null,
      "managedOutboundIPs": {
        "count": 1,
        "countIpv6": null
      },
      "outboundIPs": null,
      "outboundIpPrefixes": null
    },
    "loadBalancerSku": "standard",
    "natGatewayProfile": null,
    "networkDataplane": "azure",
    "networkMode": null,
    "networkPlugin": "azure",
    "networkPluginMode": null,
    "networkPolicy": "azure",
    "outboundType": "loadBalancer",
    "podCidr": null,
    "podCidrs": null,
    "serviceCidr": "10.1.0.0/16",
    "serviceCidrs": [
      "10.1.0.0/16"
    ],
    "staticEgressGatewayProfile": null
  },
  "nodeProvisioningProfile": {
    "defaultNodePools": null,
    "mode": "Manual"
  },
  "nodeResourceGroup": "MC_rg-address-lookup_aks-address-lookup_uksouth",
  "nodeResourceGroupProfile": null,
  "oidcIssuerProfile": {
    "enabled": true,
    "issuerUrl": "https://uksouth.oic.prod-aks.azure.com/a3747936-840d-4816-8d6d-430b622928df/3d0e533d-5dac-4d8e-9132-e6c10948f60e/"
  },
  "podIdentityProfile": null,
  "powerState": {
    "code": "Running"
  },
  "privateFqdn": null,
  "privateLinkResources": null,
  "provisioningState": "Succeeded",
  "publicNetworkAccess": null,
  "resourceGroup": "rg-address-lookup",
  "resourceUid": "6aaf39a88df8830001df48e1",
  "securityProfile": {
    "azureKeyVaultKms": null,
    "customCaTrustCertificates": null,
    "defender": null,
    "imageCleaner": null,
    "workloadIdentity": null
  },
  "serviceMeshProfile": null,
  "servicePrincipalProfile": {
    "clientId": "msi",
    "secret": null
  },
  "sku": {
    "name": "Base",
    "tier": "Free"
  },
  "status": null,
  "storageProfile": {
    "blobCsiDriver": null,
    "diskCsiDriver": {
      "enabled": true
    },
    "fileCsiDriver": {
      "enabled": true
    },
    "snapshotController": {
      "enabled": true
    }
  },
  "supportPlan": "KubernetesOfficial",
  "systemData": null,
  "tags": null,
  "type": "Microsoft.ContainerService/ManagedClusters",
  "upgradeSettings": null,
  "windowsProfile": {
    "adminPassword": null,
    "adminUsername": "azureuser",
    "enableCsiProxy": true,
    "gmsaProfile": null,
    "licenseType": null
  },
  "workloadAutoScalerProfile": {
    "keda": null,
    "verticalPodAutoscaler": null
  }
}
ERROR: unrecognized arguments: --enable-cluster-autoscaling

https://aka.ms/cli_ref
Read more about the command in reference docs
WARNING: Merged "aks-address-lookup" as current context in C:\Users\Mahes\.kube\config
NAME                                STATUS   ROLES    AGE     VERSION   INTERNAL-IP   EXTERNAL-IP   OS-IMAGE             KERNEL-VERSION             CONTAINER-RUNTIME
aks-nodepool1-38633289-vmss000000   Ready    <none>   9m38s   v1.37.0   10.0.1.4      <none>        Ubuntu 24.04.5 LTS   6.8.0-1067-azure (amd64)   containerd://2.3.3-2
